// Jest Snapshot v1, https://goo.gl/fbAQLP

exports[`HeadlineCard test matches the snapshot 1`] = `ShallowWrapper {}`;
