// Jest Snapshot v1, https://goo.gl/fbAQLP

exports[`Button test matches the snashot 1`] = `ShallowWrapper {}`;
