// Jest Snapshot v1, https://goo.gl/fbAQLP

exports[`Loader test Matches the snapshot 1`] = `ShallowWrapper {}`;
